<?xml version="1.0" encoding="ISO-8859-1" ?>
<link_info>
   <banner>MSP430 Linker Unix v18.1.7.LTS</banner>
   <copyright>Copyright (c) 2003-2018 Texas Instruments Incorporated</copyright>
   <link_time>0x5e776d3e</link_time>
   <link_errors>0x0</link_errors>
   <output_file>lab1.out</output_file>
   <entry_point>
      <name>_c_int00_noargs</name>
      <address>0xc1e0</address>
   </entry_point>
   <input_file_list>
      <input_file id="fl-1">
         <path>./</path>
         <kind>object</kind>
         <file>main.obj</file>
         <name>main.obj</name>
      </input_file>
      <input_file id="fl-2">
         <path>./src/</path>
         <kind>object</kind>
         <file>temp.obj</file>
         <name>temp.obj</name>
      </input_file>
      <input_file id="fl-3">
         <path>./src/</path>
         <kind>object</kind>
         <file>timer.obj</file>
         <name>timer.obj</name>
      </input_file>
      <input_file id="fl-8">
         <kind>object</kind>
         <file>&lt;internal&gt;</file>
         <name>&lt;internal&gt;</name>
      </input_file>
      <input_file id="fl-1e">
         <path>/home/santi/ccsv8/tools/compiler/ti-cgt-msp430_18.1.7.LTS/lib/</path>
         <kind>archive</kind>
         <file>rts430_eabi.lib</file>
         <name>div16s.asm.obj</name>
      </input_file>
      <input_file id="fl-1f">
         <path>/home/santi/ccsv8/tools/compiler/ti-cgt-msp430_18.1.7.LTS/lib/</path>
         <kind>archive</kind>
         <file>rts430_eabi.lib</file>
         <name>div16u.asm.obj</name>
      </input_file>
      <input_file id="fl-20">
         <path>/home/santi/ccsv8/tools/compiler/ti-cgt-msp430_18.1.7.LTS/lib/</path>
         <kind>archive</kind>
         <file>rts430_eabi.lib</file>
         <name>int00.asm.obj</name>
      </input_file>
      <input_file id="fl-21">
         <path>/home/santi/ccsv8/tools/compiler/ti-cgt-msp430_18.1.7.LTS/lib/</path>
         <kind>archive</kind>
         <file>rts430_eabi.lib</file>
         <name>int02.asm.obj</name>
      </input_file>
      <input_file id="fl-22">
         <path>/home/santi/ccsv8/tools/compiler/ti-cgt-msp430_18.1.7.LTS/lib/</path>
         <kind>archive</kind>
         <file>rts430_eabi.lib</file>
         <name>int03.asm.obj</name>
      </input_file>
      <input_file id="fl-23">
         <path>/home/santi/ccsv8/tools/compiler/ti-cgt-msp430_18.1.7.LTS/lib/</path>
         <kind>archive</kind>
         <file>rts430_eabi.lib</file>
         <name>int05.asm.obj</name>
      </input_file>
      <input_file id="fl-24">
         <path>/home/santi/ccsv8/tools/compiler/ti-cgt-msp430_18.1.7.LTS/lib/</path>
         <kind>archive</kind>
         <file>rts430_eabi.lib</file>
         <name>int06.asm.obj</name>
      </input_file>
      <input_file id="fl-25">
         <path>/home/santi/ccsv8/tools/compiler/ti-cgt-msp430_18.1.7.LTS/lib/</path>
         <kind>archive</kind>
         <file>rts430_eabi.lib</file>
         <name>int07.asm.obj</name>
      </input_file>
      <input_file id="fl-26">
         <path>/home/santi/ccsv8/tools/compiler/ti-cgt-msp430_18.1.7.LTS/lib/</path>
         <kind>archive</kind>
         <file>rts430_eabi.lib</file>
         <name>int08.asm.obj</name>
      </input_file>
      <input_file id="fl-27">
         <path>/home/santi/ccsv8/tools/compiler/ti-cgt-msp430_18.1.7.LTS/lib/</path>
         <kind>archive</kind>
         <file>rts430_eabi.lib</file>
         <name>int09.asm.obj</name>
      </input_file>
      <input_file id="fl-28">
         <path>/home/santi/ccsv8/tools/compiler/ti-cgt-msp430_18.1.7.LTS/lib/</path>
         <kind>archive</kind>
         <file>rts430_eabi.lib</file>
         <name>int10.asm.obj</name>
      </input_file>
      <input_file id="fl-29">
         <path>/home/santi/ccsv8/tools/compiler/ti-cgt-msp430_18.1.7.LTS/lib/</path>
         <kind>archive</kind>
         <file>rts430_eabi.lib</file>
         <name>int12.asm.obj</name>
      </input_file>
      <input_file id="fl-2a">
         <path>/home/santi/ccsv8/tools/compiler/ti-cgt-msp430_18.1.7.LTS/lib/</path>
         <kind>archive</kind>
         <file>rts430_eabi.lib</file>
         <name>int13.asm.obj</name>
      </input_file>
      <input_file id="fl-2b">
         <path>/home/santi/ccsv8/tools/compiler/ti-cgt-msp430_18.1.7.LTS/lib/</path>
         <kind>archive</kind>
         <file>rts430_eabi.lib</file>
         <name>int14.asm.obj</name>
      </input_file>
      <input_file id="fl-2c">
         <path>/home/santi/ccsv8/tools/compiler/ti-cgt-msp430_18.1.7.LTS/lib/</path>
         <kind>archive</kind>
         <file>rts430_eabi.lib</file>
         <name>isr_trap.asm.obj</name>
      </input_file>
      <input_file id="fl-2d">
         <path>/home/santi/ccsv8/tools/compiler/ti-cgt-msp430_18.1.7.LTS/lib/</path>
         <kind>archive</kind>
         <file>rts430_eabi.lib</file>
         <name>mult16.asm.obj</name>
      </input_file>
      <input_file id="fl-2e">
         <path>/home/santi/ccsv8/tools/compiler/ti-cgt-msp430_18.1.7.LTS/lib/</path>
         <kind>archive</kind>
         <file>rts430_eabi.lib</file>
         <name>boot.c.obj</name>
      </input_file>
      <input_file id="fl-2f">
         <path>/home/santi/ccsv8/tools/compiler/ti-cgt-msp430_18.1.7.LTS/lib/</path>
         <kind>archive</kind>
         <file>rts430_eabi.lib</file>
         <name>autoinit.c.obj</name>
      </input_file>
      <input_file id="fl-30">
         <path>/home/santi/ccsv8/tools/compiler/ti-cgt-msp430_18.1.7.LTS/lib/</path>
         <kind>archive</kind>
         <file>rts430_eabi.lib</file>
         <name>copy_zero_init.c.obj</name>
      </input_file>
      <input_file id="fl-31">
         <path>/home/santi/ccsv8/tools/compiler/ti-cgt-msp430_18.1.7.LTS/lib/</path>
         <kind>archive</kind>
         <file>rts430_eabi.lib</file>
         <name>cpy_tbl.c.obj</name>
      </input_file>
      <input_file id="fl-32">
         <path>/home/santi/ccsv8/tools/compiler/ti-cgt-msp430_18.1.7.LTS/lib/</path>
         <kind>archive</kind>
         <file>rts430_eabi.lib</file>
         <name>mpu_init.c.obj</name>
      </input_file>
      <input_file id="fl-33">
         <path>/home/santi/ccsv8/tools/compiler/ti-cgt-msp430_18.1.7.LTS/lib/</path>
         <kind>archive</kind>
         <file>rts430_eabi.lib</file>
         <name>pre_init.c.obj</name>
      </input_file>
      <input_file id="fl-34">
         <path>/home/santi/ccsv8/tools/compiler/ti-cgt-msp430_18.1.7.LTS/lib/</path>
         <kind>archive</kind>
         <file>rts430_eabi.lib</file>
         <name>startup.c.obj</name>
      </input_file>
      <input_file id="fl-35">
         <path>/home/santi/ccsv8/tools/compiler/ti-cgt-msp430_18.1.7.LTS/lib/</path>
         <kind>archive</kind>
         <file>rts430_eabi.lib</file>
         <name>copy_decompress_none.c.obj</name>
      </input_file>
      <input_file id="fl-36">
         <path>/home/santi/ccsv8/tools/compiler/ti-cgt-msp430_18.1.7.LTS/lib/</path>
         <kind>archive</kind>
         <file>rts430_eabi.lib</file>
         <name>copy_decompress_lzss.c.obj</name>
      </input_file>
      <input_file id="fl-37">
         <path>/home/santi/ccsv8/tools/compiler/ti-cgt-msp430_18.1.7.LTS/lib/</path>
         <kind>archive</kind>
         <file>rts430_eabi.lib</file>
         <name>exit.c.obj</name>
      </input_file>
      <input_file id="fl-38">
         <path>/home/santi/ccsv8/tools/compiler/ti-cgt-msp430_18.1.7.LTS/lib/</path>
         <kind>archive</kind>
         <file>rts430_eabi.lib</file>
         <name>_lock.c.obj</name>
      </input_file>
      <input_file id="fl-39">
         <path>/home/santi/ccsv8/tools/compiler/ti-cgt-msp430_18.1.7.LTS/lib/</path>
         <kind>archive</kind>
         <file>rts430_eabi.lib</file>
         <name>args_main.c.obj</name>
      </input_file>
      <input_file id="fl-3a">
         <path>/home/santi/ccsv8/tools/compiler/ti-cgt-msp430_18.1.7.LTS/lib/</path>
         <kind>archive</kind>
         <file>rts430_eabi.lib</file>
         <name>memcpy.c.obj</name>
      </input_file>
      <input_file id="fl-3b">
         <path>/home/santi/ccsv8/tools/compiler/ti-cgt-msp430_18.1.7.LTS/lib/</path>
         <kind>archive</kind>
         <file>rts430_eabi.lib</file>
         <name>epilog.asm.obj</name>
      </input_file>
      <input_file id="fl-3c">
         <path>/home/santi/ccsv8/tools/compiler/ti-cgt-msp430_18.1.7.LTS/lib/</path>
         <kind>archive</kind>
         <file>rts430_eabi.lib</file>
         <name>lsl16.asm.obj</name>
      </input_file>
      <input_file id="fl-3d">
         <path>/home/santi/ccsv8/tools/compiler/ti-cgt-msp430_18.1.7.LTS/lib/</path>
         <kind>archive</kind>
         <file>rts430_eabi.lib</file>
         <name>lsr16.asm.obj</name>
      </input_file>
      <input_file id="fl-3e">
         <path>/home/santi/ccsv8/tools/compiler/ti-cgt-msp430_18.1.7.LTS/lib/</path>
         <kind>archive</kind>
         <file>rts430_eabi.lib</file>
         <name>exit_gvars.c.obj</name>
      </input_file>
   </input_file_list>
   <object_component_list>
      <object_component id="oc-1c8">
         <name>.bss:t</name>
         <uninitialized>true</uninitialized>
         <run_address>0x200</run_address>
         <size>0x8</size>
         <input_file_ref idref="fl-3"/>
      </object_component>
      <object_component id="oc-171">
         <name>.common:t1</name>
         <uninitialized>true</uninitialized>
         <run_address>0x208</run_address>
         <size>0x8</size>
      </object_component>
      <object_component id="oc-180">
         <name>.common:t2</name>
         <uninitialized>true</uninitialized>
         <run_address>0x210</run_address>
         <size>0x8</size>
      </object_component>
      <object_component id="oc-168">
         <name>.data:t_inicial</name>
         <load_address>0x218</load_address>
         <run_address>0x218</run_address>
         <size>0x8</size>
         <input_file_ref idref="fl-1"/>
      </object_component>
      <object_component id="oc-ac">
         <name>.stack</name>
         <uninitialized>true</uninitialized>
         <run_address>0x3b0</run_address>
         <size>0x2</size>
         <input_file_ref idref="fl-2e"/>
      </object_component>
      <object_component id="oc-285">
         <name>.stack</name>
         <uninitialized>true</uninitialized>
         <run_address>0x3b0</run_address>
         <size>0x0</size>
      </object_component>
      <object_component id="oc-33">
         <name>.text:decompress:lzss:__TI_decompress_lzss</name>
         <load_address>0xc000</load_address>
         <run_address>0xc000</run_address>
         <size>0x7c</size>
         <input_file_ref idref="fl-36"/>
      </object_component>
      <object_component id="oc-17a">
         <name>.text:inc_time</name>
         <load_address>0xc07c</load_address>
         <run_address>0xc07c</run_address>
         <size>0x4e</size>
         <input_file_ref idref="fl-3"/>
      </object_component>
      <object_component id="oc-b5">
         <name>.text</name>
         <load_address>0xc0ca</load_address>
         <run_address>0xc0ca</run_address>
         <size>0x4c</size>
         <input_file_ref idref="fl-3d"/>
      </object_component>
      <object_component id="oc-193">
         <name>.text:__TI_auto_init_nobinit_nopinit:__TI_auto_init_nobinit_nopinit</name>
         <load_address>0xc116</load_address>
         <run_address>0xc116</run_address>
         <size>0x42</size>
         <input_file_ref idref="fl-2f"/>
      </object_component>
      <object_component id="oc-140">
         <name>.text:main</name>
         <load_address>0xc158</load_address>
         <run_address>0xc158</run_address>
         <size>0x3c</size>
         <input_file_ref idref="fl-1"/>
      </object_component>
      <object_component id="oc-b0">
         <name>.text</name>
         <load_address>0xc194</load_address>
         <run_address>0xc194</run_address>
         <size>0x2c</size>
         <input_file_ref idref="fl-3c"/>
      </object_component>
      <object_component id="oc-16b">
         <name>.text:set_time</name>
         <load_address>0xc1c0</load_address>
         <run_address>0xc1c0</run_address>
         <size>0x20</size>
         <input_file_ref idref="fl-3"/>
      </object_component>
      <object_component id="oc-ee">
         <name>.text:_c_int00_noargs</name>
         <load_address>0xc1e0</load_address>
         <run_address>0xc1e0</run_address>
         <size>0x1c</size>
         <input_file_ref idref="fl-2e"/>
      </object_component>
      <object_component id="oc-174">
         <name>.text:get_time</name>
         <load_address>0xc1fc</load_address>
         <run_address>0xc1fc</run_address>
         <size>0x1a</size>
         <input_file_ref idref="fl-3"/>
      </object_component>
      <object_component id="oc-dc">
         <name>.text:decompress:ZI:__TI_zero_init_nomemset:__TI_zero_init_nomemset</name>
         <load_address>0xc216</load_address>
         <run_address>0xc216</run_address>
         <size>0x14</size>
         <input_file_ref idref="fl-30"/>
      </object_component>
      <object_component id="oc-39">
         <name>.text:decompress:none:__TI_decompress_none</name>
         <load_address>0xc22a</load_address>
         <run_address>0xc22a</run_address>
         <size>0x12</size>
         <input_file_ref idref="fl-35"/>
      </object_component>
      <object_component id="oc-ca">
         <name>.text:memcpy</name>
         <load_address>0xc23c</load_address>
         <run_address>0xc23c</run_address>
         <size>0x12</size>
         <input_file_ref idref="fl-3a"/>
      </object_component>
      <object_component id="oc-ba">
         <name>.text</name>
         <load_address>0xc24e</load_address>
         <run_address>0xc24e</run_address>
         <size>0x10</size>
         <input_file_ref idref="fl-3b"/>
      </object_component>
      <object_component id="oc-d7">
         <name>.text:_isr:__TI_ISR_TRAP</name>
         <load_address>0xc25e</load_address>
         <run_address>0xc25e</run_address>
         <size>0x8</size>
         <input_file_ref idref="fl-2c"/>
      </object_component>
      <object_component id="oc-187">
         <name>.text:abort</name>
         <load_address>0xc266</load_address>
         <run_address>0xc266</run_address>
         <size>0x6</size>
         <input_file_ref idref="fl-37"/>
      </object_component>
      <object_component id="oc-13a">
         <name>.text:_system_pre_init</name>
         <load_address>0xc26c</load_address>
         <run_address>0xc26c</run_address>
         <size>0x4</size>
         <input_file_ref idref="fl-33"/>
      </object_component>
      <object_component id="oc-1e3">
         <name>.text:_system_post_cinit</name>
         <load_address>0xc270</load_address>
         <run_address>0xc270</run_address>
         <size>0x2</size>
         <input_file_ref idref="fl-34"/>
      </object_component>
      <object_component id="oc-284">
         <name>.cinit..data.load</name>
         <load_address>0xc272</load_address>
         <run_address>0xc272</run_address>
         <size>0xb</size>
      </object_component>
      <object_component id="oc-281">
         <name>__TI_handler_table</name>
         <load_address>0xc27e</load_address>
         <run_address>0xc27e</run_address>
         <size>0x6</size>
      </object_component>
      <object_component id="oc-283">
         <name>.cinit..bss.load</name>
         <load_address>0xc284</load_address>
         <run_address>0xc284</run_address>
         <size>0x4</size>
      </object_component>
      <object_component id="oc-282">
         <name>__TI_cinit_table</name>
         <load_address>0xc288</load_address>
         <run_address>0xc288</run_address>
         <size>0x8</size>
      </object_component>
      <object_component id="oc-243">
         <name>.binit</name>
         <load_address>0xc000</load_address>
         <run_address>0xc000</run_address>
         <size>0x0</size>
      </object_component>
      <object_component id="oc-3f">
         <name>.int00</name>
         <load_address>0xffe0</load_address>
         <run_address>0xffe0</run_address>
         <size>0x2</size>
         <input_file_ref idref="fl-20"/>
      </object_component>
      <object_component id="oc-40">
         <name>.int02</name>
         <load_address>0xffe4</load_address>
         <run_address>0xffe4</run_address>
         <size>0x2</size>
         <input_file_ref idref="fl-21"/>
      </object_component>
      <object_component id="oc-41">
         <name>.int03</name>
         <load_address>0xffe6</load_address>
         <run_address>0xffe6</run_address>
         <size>0x2</size>
         <input_file_ref idref="fl-22"/>
      </object_component>
      <object_component id="oc-42">
         <name>.int05</name>
         <load_address>0xffea</load_address>
         <run_address>0xffea</run_address>
         <size>0x2</size>
         <input_file_ref idref="fl-23"/>
      </object_component>
      <object_component id="oc-43">
         <name>.int06</name>
         <load_address>0xffec</load_address>
         <run_address>0xffec</run_address>
         <size>0x2</size>
         <input_file_ref idref="fl-24"/>
      </object_component>
      <object_component id="oc-44">
         <name>.int07</name>
         <load_address>0xffee</load_address>
         <run_address>0xffee</run_address>
         <size>0x2</size>
         <input_file_ref idref="fl-25"/>
      </object_component>
      <object_component id="oc-45">
         <name>.int08</name>
         <load_address>0xfff0</load_address>
         <run_address>0xfff0</run_address>
         <size>0x2</size>
         <input_file_ref idref="fl-26"/>
      </object_component>
      <object_component id="oc-46">
         <name>.int09</name>
         <load_address>0xfff2</load_address>
         <run_address>0xfff2</run_address>
         <size>0x2</size>
         <input_file_ref idref="fl-27"/>
      </object_component>
      <object_component id="oc-47">
         <name>.int10</name>
         <load_address>0xfff4</load_address>
         <run_address>0xfff4</run_address>
         <size>0x2</size>
         <input_file_ref idref="fl-28"/>
      </object_component>
      <object_component id="oc-48">
         <name>.int12</name>
         <load_address>0xfff8</load_address>
         <run_address>0xfff8</run_address>
         <size>0x2</size>
         <input_file_ref idref="fl-29"/>
      </object_component>
      <object_component id="oc-49">
         <name>.int13</name>
         <load_address>0xfffa</load_address>
         <run_address>0xfffa</run_address>
         <size>0x2</size>
         <input_file_ref idref="fl-2a"/>
      </object_component>
      <object_component id="oc-4a">
         <name>.int14</name>
         <load_address>0xfffc</load_address>
         <run_address>0xfffc</run_address>
         <size>0x2</size>
         <input_file_ref idref="fl-2b"/>
      </object_component>
      <object_component id="oc-af">
         <name>.reset</name>
         <load_address>0xfffe</load_address>
         <run_address>0xfffe</run_address>
         <size>0x2</size>
         <input_file_ref idref="fl-2e"/>
      </object_component>
      <object_component id="oc-172">
         <name>.debug_info</name>
         <load_address>0x0</load_address>
         <run_address>0x0</run_address>
         <size>0x1bc</size>
         <input_file_ref idref="fl-1"/>
      </object_component>
      <object_component id="oc-169">
         <name>.debug_info</name>
         <load_address>0x1bc</load_address>
         <run_address>0x1bc</run_address>
         <size>0xc3</size>
         <input_file_ref idref="fl-1"/>
      </object_component>
      <object_component id="oc-141">
         <name>.debug_info</name>
         <load_address>0x27f</load_address>
         <run_address>0x27f</run_address>
         <size>0x177</size>
         <input_file_ref idref="fl-1"/>
      </object_component>
      <object_component id="oc-c5">
         <name>.debug_info</name>
         <load_address>0x3f6</load_address>
         <run_address>0x3f6</run_address>
         <size>0x84</size>
         <input_file_ref idref="fl-1"/>
      </object_component>
      <object_component id="oc-182">
         <name>.debug_info</name>
         <load_address>0x47a</load_address>
         <run_address>0x47a</run_address>
         <size>0x8a</size>
         <input_file_ref idref="fl-1"/>
      </object_component>
      <object_component id="oc-1cc">
         <name>.debug_info</name>
         <load_address>0x504</load_address>
         <run_address>0x504</run_address>
         <size>0x147</size>
         <input_file_ref idref="fl-3"/>
      </object_component>
      <object_component id="oc-1c9">
         <name>.debug_info</name>
         <load_address>0x64b</load_address>
         <run_address>0x64b</run_address>
         <size>0xee</size>
         <input_file_ref idref="fl-3"/>
      </object_component>
      <object_component id="oc-16c">
         <name>.debug_info</name>
         <load_address>0x739</load_address>
         <run_address>0x739</run_address>
         <size>0x1d4</size>
         <input_file_ref idref="fl-3"/>
      </object_component>
      <object_component id="oc-17b">
         <name>.debug_info</name>
         <load_address>0x90d</load_address>
         <run_address>0x90d</run_address>
         <size>0x178</size>
         <input_file_ref idref="fl-3"/>
      </object_component>
      <object_component id="oc-175">
         <name>.debug_info</name>
         <load_address>0xa85</load_address>
         <run_address>0xa85</run_address>
         <size>0x1b6</size>
         <input_file_ref idref="fl-3"/>
      </object_component>
      <object_component id="oc-d8">
         <name>.debug_info</name>
         <load_address>0xc3b</load_address>
         <run_address>0xc3b</run_address>
         <size>0x10f</size>
         <input_file_ref idref="fl-2c"/>
      </object_component>
      <object_component id="oc-ad">
         <name>.debug_info</name>
         <load_address>0xd4a</load_address>
         <run_address>0xd4a</run_address>
         <size>0xfd</size>
         <input_file_ref idref="fl-2e"/>
      </object_component>
      <object_component id="oc-ef">
         <name>.debug_info</name>
         <load_address>0xe47</load_address>
         <run_address>0xe47</run_address>
         <size>0x177</size>
         <input_file_ref idref="fl-2e"/>
      </object_component>
      <object_component id="oc-1ea">
         <name>.debug_info</name>
         <load_address>0xfbe</load_address>
         <run_address>0xfbe</run_address>
         <size>0x47a</size>
         <input_file_ref idref="fl-2f"/>
      </object_component>
      <object_component id="oc-194">
         <name>.debug_info</name>
         <load_address>0x1438</load_address>
         <run_address>0x1438</run_address>
         <size>0x1dd</size>
         <input_file_ref idref="fl-2f"/>
      </object_component>
      <object_component id="oc-21f">
         <name>.debug_info</name>
         <load_address>0x1615</load_address>
         <run_address>0x1615</run_address>
         <size>0x39</size>
         <input_file_ref idref="fl-2f"/>
      </object_component>
      <object_component id="oc-230">
         <name>.debug_info</name>
         <load_address>0x164e</load_address>
         <run_address>0x164e</run_address>
         <size>0x2c</size>
         <input_file_ref idref="fl-2f"/>
      </object_component>
      <object_component id="oc-1f5">
         <name>.debug_info</name>
         <load_address>0x167a</load_address>
         <run_address>0x167a</run_address>
         <size>0x2c</size>
         <input_file_ref idref="fl-2f"/>
      </object_component>
      <object_component id="oc-224">
         <name>.debug_info</name>
         <load_address>0x16a6</load_address>
         <run_address>0x16a6</run_address>
         <size>0xcd</size>
         <input_file_ref idref="fl-2f"/>
      </object_component>
      <object_component id="oc-138">
         <name>.debug_info</name>
         <load_address>0x1773</load_address>
         <run_address>0x1773</run_address>
         <size>0x1bc</size>
         <input_file_ref idref="fl-30"/>
      </object_component>
      <object_component id="oc-dd">
         <name>.debug_info</name>
         <load_address>0x192f</load_address>
         <run_address>0x192f</run_address>
         <size>0x1cf</size>
         <input_file_ref idref="fl-30"/>
      </object_component>
      <object_component id="oc-133">
         <name>.debug_info</name>
         <load_address>0x1afe</load_address>
         <run_address>0x1afe</run_address>
         <size>0x46</size>
         <input_file_ref idref="fl-30"/>
      </object_component>
      <object_component id="oc-125">
         <name>.debug_info</name>
         <load_address>0x1b44</load_address>
         <run_address>0x1b44</run_address>
         <size>0x2c</size>
         <input_file_ref idref="fl-30"/>
      </object_component>
      <object_component id="oc-13b">
         <name>.debug_info</name>
         <load_address>0x1b70</load_address>
         <run_address>0x1b70</run_address>
         <size>0x150</size>
         <input_file_ref idref="fl-33"/>
      </object_component>
      <object_component id="oc-1e4">
         <name>.debug_info</name>
         <load_address>0x1cc0</load_address>
         <run_address>0x1cc0</run_address>
         <size>0x14d</size>
         <input_file_ref idref="fl-34"/>
      </object_component>
      <object_component id="oc-d6">
         <name>.debug_info</name>
         <load_address>0x1e0d</load_address>
         <run_address>0x1e0d</run_address>
         <size>0x17d</size>
         <input_file_ref idref="fl-35"/>
      </object_component>
      <object_component id="oc-3a">
         <name>.debug_info</name>
         <load_address>0x1f8a</load_address>
         <run_address>0x1f8a</run_address>
         <size>0x1e7</size>
         <input_file_ref idref="fl-35"/>
      </object_component>
      <object_component id="oc-d1">
         <name>.debug_info</name>
         <load_address>0x2171</load_address>
         <run_address>0x2171</run_address>
         <size>0x46</size>
         <input_file_ref idref="fl-35"/>
      </object_component>
      <object_component id="oc-12a">
         <name>.debug_info</name>
         <load_address>0x21b7</load_address>
         <run_address>0x21b7</run_address>
         <size>0x2c</size>
         <input_file_ref idref="fl-35"/>
      </object_component>
      <object_component id="oc-122">
         <name>.debug_info</name>
         <load_address>0x21e3</load_address>
         <run_address>0x21e3</run_address>
         <size>0x173</size>
         <input_file_ref idref="fl-36"/>
      </object_component>
      <object_component id="oc-34">
         <name>.debug_info</name>
         <load_address>0x2356</load_address>
         <run_address>0x2356</run_address>
         <size>0x28f</size>
         <input_file_ref idref="fl-36"/>
      </object_component>
      <object_component id="oc-c0">
         <name>.debug_info</name>
         <load_address>0x25e5</load_address>
         <run_address>0x25e5</run_address>
         <size>0x60</size>
         <input_file_ref idref="fl-36"/>
      </object_component>
      <object_component id="oc-15c">
         <name>.debug_info</name>
         <load_address>0x2645</load_address>
         <run_address>0x2645</run_address>
         <size>0x46</size>
         <input_file_ref idref="fl-36"/>
      </object_component>
      <object_component id="oc-11d">
         <name>.debug_info</name>
         <load_address>0x268b</load_address>
         <run_address>0x268b</run_address>
         <size>0x39</size>
         <input_file_ref idref="fl-36"/>
      </object_component>
      <object_component id="oc-188">
         <name>.debug_info</name>
         <load_address>0x26c4</load_address>
         <run_address>0x26c4</run_address>
         <size>0x11f</size>
         <input_file_ref idref="fl-37"/>
      </object_component>
      <object_component id="oc-124">
         <name>.debug_info</name>
         <load_address>0x27e3</load_address>
         <run_address>0x27e3</run_address>
         <size>0x17e</size>
         <input_file_ref idref="fl-3a"/>
      </object_component>
      <object_component id="oc-cb">
         <name>.debug_info</name>
         <load_address>0x2961</load_address>
         <run_address>0x2961</run_address>
         <size>0x177</size>
         <input_file_ref idref="fl-3a"/>
      </object_component>
      <object_component id="oc-bb">
         <name>.debug_info</name>
         <load_address>0x2ad8</load_address>
         <run_address>0x2ad8</run_address>
         <size>0x12e</size>
         <input_file_ref idref="fl-3b"/>
      </object_component>
      <object_component id="oc-b1">
         <name>.debug_info</name>
         <load_address>0x2c06</load_address>
         <run_address>0x2c06</run_address>
         <size>0x120</size>
         <input_file_ref idref="fl-3c"/>
      </object_component>
      <object_component id="oc-b6">
         <name>.debug_info</name>
         <load_address>0x2d26</load_address>
         <run_address>0x2d26</run_address>
         <size>0x120</size>
         <input_file_ref idref="fl-3d"/>
      </object_component>
      <object_component id="oc-286">
         <name>.debug_info</name>
         <load_address>0x2e46</load_address>
         <run_address>0x2e46</run_address>
         <size>0x93</size>
      </object_component>
      <object_component id="oc-1ce">
         <name>.debug_line</name>
         <load_address>0x0</load_address>
         <run_address>0x0</run_address>
         <size>0xa8</size>
         <input_file_ref idref="fl-1"/>
      </object_component>
      <object_component id="oc-1c7">
         <name>.debug_line</name>
         <load_address>0xa8</load_address>
         <run_address>0xa8</run_address>
         <size>0x2d</size>
         <input_file_ref idref="fl-1"/>
      </object_component>
      <object_component id="oc-144">
         <name>.debug_line</name>
         <load_address>0xd5</load_address>
         <run_address>0xd5</run_address>
         <size>0x49</size>
         <input_file_ref idref="fl-1"/>
      </object_component>
      <object_component id="oc-c8">
         <name>.debug_line</name>
         <load_address>0x11e</load_address>
         <run_address>0x11e</run_address>
         <size>0x20</size>
         <input_file_ref idref="fl-1"/>
      </object_component>
      <object_component id="oc-185">
         <name>.debug_line</name>
         <load_address>0x13e</load_address>
         <run_address>0x13e</run_address>
         <size>0x60</size>
         <input_file_ref idref="fl-1"/>
      </object_component>
      <object_component id="oc-207">
         <name>.debug_line</name>
         <load_address>0x19e</load_address>
         <run_address>0x19e</run_address>
         <size>0x20</size>
         <input_file_ref idref="fl-3"/>
      </object_component>
      <object_component id="oc-205">
         <name>.debug_line</name>
         <load_address>0x1be</load_address>
         <run_address>0x1be</run_address>
         <size>0x5c</size>
         <input_file_ref idref="fl-3"/>
      </object_component>
      <object_component id="oc-16f">
         <name>.debug_line</name>
         <load_address>0x21a</load_address>
         <run_address>0x21a</run_address>
         <size>0x6f</size>
         <input_file_ref idref="fl-3"/>
      </object_component>
      <object_component id="oc-17e">
         <name>.debug_line</name>
         <load_address>0x289</load_address>
         <run_address>0x289</run_address>
         <size>0x89</size>
         <input_file_ref idref="fl-3"/>
      </object_component>
      <object_component id="oc-178">
         <name>.debug_line</name>
         <load_address>0x312</load_address>
         <run_address>0x312</run_address>
         <size>0x6f</size>
         <input_file_ref idref="fl-3"/>
      </object_component>
      <object_component id="oc-db">
         <name>.debug_line</name>
         <load_address>0x381</load_address>
         <run_address>0x381</run_address>
         <size>0x3d</size>
         <input_file_ref idref="fl-2c"/>
      </object_component>
      <object_component id="oc-119">
         <name>.debug_line</name>
         <load_address>0x3be</load_address>
         <run_address>0x3be</run_address>
         <size>0x2a</size>
         <input_file_ref idref="fl-2e"/>
      </object_component>
      <object_component id="oc-f2">
         <name>.debug_line</name>
         <load_address>0x3e8</load_address>
         <run_address>0x3e8</run_address>
         <size>0x46</size>
         <input_file_ref idref="fl-2e"/>
      </object_component>
      <object_component id="oc-21e">
         <name>.debug_line</name>
         <load_address>0x42e</load_address>
         <run_address>0x42e</run_address>
         <size>0xbf</size>
         <input_file_ref idref="fl-2f"/>
      </object_component>
      <object_component id="oc-197">
         <name>.debug_line</name>
         <load_address>0x4ed</load_address>
         <run_address>0x4ed</run_address>
         <size>0x76</size>
         <input_file_ref idref="fl-2f"/>
      </object_component>
      <object_component id="oc-222">
         <name>.debug_line</name>
         <load_address>0x563</load_address>
         <run_address>0x563</run_address>
         <size>0x2e</size>
         <input_file_ref idref="fl-2f"/>
      </object_component>
      <object_component id="oc-233">
         <name>.debug_line</name>
         <load_address>0x591</load_address>
         <run_address>0x591</run_address>
         <size>0x9a</size>
         <input_file_ref idref="fl-2f"/>
      </object_component>
      <object_component id="oc-1f8">
         <name>.debug_line</name>
         <load_address>0x62b</load_address>
         <run_address>0x62b</run_address>
         <size>0x97</size>
         <input_file_ref idref="fl-2f"/>
      </object_component>
      <object_component id="oc-227">
         <name>.debug_line</name>
         <load_address>0x6c2</load_address>
         <run_address>0x6c2</run_address>
         <size>0x93</size>
         <input_file_ref idref="fl-2f"/>
      </object_component>
      <object_component id="oc-166">
         <name>.debug_line</name>
         <load_address>0x755</load_address>
         <run_address>0x755</run_address>
         <size>0x34</size>
         <input_file_ref idref="fl-30"/>
      </object_component>
      <object_component id="oc-e0">
         <name>.debug_line</name>
         <load_address>0x789</load_address>
         <run_address>0x789</run_address>
         <size>0x4d</size>
         <input_file_ref idref="fl-30"/>
      </object_component>
      <object_component id="oc-136">
         <name>.debug_line</name>
         <load_address>0x7d6</load_address>
         <run_address>0x7d6</run_address>
         <size>0x34</size>
         <input_file_ref idref="fl-30"/>
      </object_component>
      <object_component id="oc-128">
         <name>.debug_line</name>
         <load_address>0x80a</load_address>
         <run_address>0x80a</run_address>
         <size>0x92</size>
         <input_file_ref idref="fl-30"/>
      </object_component>
      <object_component id="oc-13e">
         <name>.debug_line</name>
         <load_address>0x89c</load_address>
         <run_address>0x89c</run_address>
         <size>0x3e</size>
         <input_file_ref idref="fl-33"/>
      </object_component>
      <object_component id="oc-1e7">
         <name>.debug_line</name>
         <load_address>0x8da</load_address>
         <run_address>0x8da</run_address>
         <size>0x3a</size>
         <input_file_ref idref="fl-34"/>
      </object_component>
      <object_component id="oc-130">
         <name>.debug_line</name>
         <load_address>0x914</load_address>
         <run_address>0x914</run_address>
         <size>0x20</size>
         <input_file_ref idref="fl-35"/>
      </object_component>
      <object_component id="oc-3d">
         <name>.debug_line</name>
         <load_address>0x934</load_address>
         <run_address>0x934</run_address>
         <size>0x50</size>
         <input_file_ref idref="fl-35"/>
      </object_component>
      <object_component id="oc-d4">
         <name>.debug_line</name>
         <load_address>0x984</load_address>
         <run_address>0x984</run_address>
         <size>0x3a</size>
         <input_file_ref idref="fl-35"/>
      </object_component>
      <object_component id="oc-12d">
         <name>.debug_line</name>
         <load_address>0x9be</load_address>
         <run_address>0x9be</run_address>
         <size>0x92</size>
         <input_file_ref idref="fl-35"/>
      </object_component>
      <object_component id="oc-162">
         <name>.debug_line</name>
         <load_address>0xa50</load_address>
         <run_address>0xa50</run_address>
         <size>0x20</size>
         <input_file_ref idref="fl-36"/>
      </object_component>
      <object_component id="oc-37">
         <name>.debug_line</name>
         <load_address>0xa70</load_address>
         <run_address>0xa70</run_address>
         <size>0x92</size>
         <input_file_ref idref="fl-36"/>
      </object_component>
      <object_component id="oc-c3">
         <name>.debug_line</name>
         <load_address>0xb02</load_address>
         <run_address>0xb02</run_address>
         <size>0x3a</size>
         <input_file_ref idref="fl-36"/>
      </object_component>
      <object_component id="oc-15f">
         <name>.debug_line</name>
         <load_address>0xb3c</load_address>
         <run_address>0xb3c</run_address>
         <size>0x9a</size>
         <input_file_ref idref="fl-36"/>
      </object_component>
      <object_component id="oc-120">
         <name>.debug_line</name>
         <load_address>0xbd6</load_address>
         <run_address>0xbd6</run_address>
         <size>0x96</size>
         <input_file_ref idref="fl-36"/>
      </object_component>
      <object_component id="oc-18b">
         <name>.debug_line</name>
         <load_address>0xc6c</load_address>
         <run_address>0xc6c</run_address>
         <size>0x3d</size>
         <input_file_ref idref="fl-37"/>
      </object_component>
      <object_component id="oc-164">
         <name>.debug_line</name>
         <load_address>0xca9</load_address>
         <run_address>0xca9</run_address>
         <size>0x20</size>
         <input_file_ref idref="fl-3a"/>
      </object_component>
      <object_component id="oc-ce">
         <name>.debug_line</name>
         <load_address>0xcc9</load_address>
         <run_address>0xcc9</run_address>
         <size>0x42</size>
         <input_file_ref idref="fl-3a"/>
      </object_component>
      <object_component id="oc-be">
         <name>.debug_line</name>
         <load_address>0xd0b</load_address>
         <run_address>0xd0b</run_address>
         <size>0x40</size>
         <input_file_ref idref="fl-3b"/>
      </object_component>
      <object_component id="oc-b4">
         <name>.debug_line</name>
         <load_address>0xd4b</load_address>
         <run_address>0xd4b</run_address>
         <size>0x4e</size>
         <input_file_ref idref="fl-3c"/>
      </object_component>
      <object_component id="oc-b9">
         <name>.debug_line</name>
         <load_address>0xd99</load_address>
         <run_address>0xd99</run_address>
         <size>0x5e</size>
         <input_file_ref idref="fl-3d"/>
      </object_component>
      <object_component id="oc-145">
         <name>.debug_frame</name>
         <load_address>0x0</load_address>
         <run_address>0x0</run_address>
         <size>0x40</size>
         <input_file_ref idref="fl-1"/>
      </object_component>
      <object_component id="oc-170">
         <name>.debug_frame</name>
         <load_address>0x40</load_address>
         <run_address>0x40</run_address>
         <size>0x3c</size>
         <input_file_ref idref="fl-3"/>
      </object_component>
      <object_component id="oc-17f">
         <name>.debug_frame</name>
         <load_address>0x7c</load_address>
         <run_address>0x7c</run_address>
         <size>0x3c</size>
         <input_file_ref idref="fl-3"/>
      </object_component>
      <object_component id="oc-179">
         <name>.debug_frame</name>
         <load_address>0xb8</load_address>
         <run_address>0xb8</run_address>
         <size>0x3c</size>
         <input_file_ref idref="fl-3"/>
      </object_component>
      <object_component id="oc-f3">
         <name>.debug_frame</name>
         <load_address>0xf4</load_address>
         <run_address>0xf4</run_address>
         <size>0x34</size>
         <input_file_ref idref="fl-2e"/>
      </object_component>
      <object_component id="oc-198">
         <name>.debug_frame</name>
         <load_address>0x128</load_address>
         <run_address>0x128</run_address>
         <size>0x44</size>
         <input_file_ref idref="fl-2f"/>
      </object_component>
      <object_component id="oc-e1">
         <name>.debug_frame</name>
         <load_address>0x16c</load_address>
         <run_address>0x16c</run_address>
         <size>0x3c</size>
         <input_file_ref idref="fl-30"/>
      </object_component>
      <object_component id="oc-13f">
         <name>.debug_frame</name>
         <load_address>0x1a8</load_address>
         <run_address>0x1a8</run_address>
         <size>0x3c</size>
         <input_file_ref idref="fl-33"/>
      </object_component>
      <object_component id="oc-1e8">
         <name>.debug_frame</name>
         <load_address>0x1e4</load_address>
         <run_address>0x1e4</run_address>
         <size>0x3c</size>
         <input_file_ref idref="fl-34"/>
      </object_component>
      <object_component id="oc-3e">
         <name>.debug_frame</name>
         <load_address>0x220</load_address>
         <run_address>0x220</run_address>
         <size>0x3c</size>
         <input_file_ref idref="fl-35"/>
      </object_component>
      <object_component id="oc-38">
         <name>.debug_frame</name>
         <load_address>0x25c</load_address>
         <run_address>0x25c</run_address>
         <size>0x48</size>
         <input_file_ref idref="fl-36"/>
      </object_component>
      <object_component id="oc-18c">
         <name>.debug_frame</name>
         <load_address>0x2a4</load_address>
         <run_address>0x2a4</run_address>
         <size>0x3c</size>
         <input_file_ref idref="fl-37"/>
      </object_component>
      <object_component id="oc-cf">
         <name>.debug_frame</name>
         <load_address>0x2e0</load_address>
         <run_address>0x2e0</run_address>
         <size>0x3c</size>
         <input_file_ref idref="fl-3a"/>
      </object_component>
      <object_component id="oc-1cd">
         <name>.debug_abbrev</name>
         <load_address>0x0</load_address>
         <run_address>0x0</run_address>
         <size>0x92</size>
         <input_file_ref idref="fl-1"/>
      </object_component>
      <object_component id="oc-1c6">
         <name>.debug_abbrev</name>
         <load_address>0x92</load_address>
         <run_address>0x92</run_address>
         <size>0x29</size>
         <input_file_ref idref="fl-1"/>
      </object_component>
      <object_component id="oc-181">
         <name>.debug_abbrev</name>
         <load_address>0xbb</load_address>
         <run_address>0xbb</run_address>
         <size>0x6e</size>
         <input_file_ref idref="fl-1"/>
      </object_component>
      <object_component id="oc-c7">
         <name>.debug_abbrev</name>
         <load_address>0x129</load_address>
         <run_address>0x129</run_address>
         <size>0x1f</size>
         <input_file_ref idref="fl-1"/>
      </object_component>
      <object_component id="oc-184">
         <name>.debug_abbrev</name>
         <load_address>0x148</load_address>
         <run_address>0x148</run_address>
         <size>0x4b</size>
         <input_file_ref idref="fl-1"/>
      </object_component>
      <object_component id="oc-206">
         <name>.debug_abbrev</name>
         <load_address>0x193</load_address>
         <run_address>0x193</run_address>
         <size>0x27</size>
         <input_file_ref idref="fl-3"/>
      </object_component>
      <object_component id="oc-204">
         <name>.debug_abbrev</name>
         <load_address>0x1ba</load_address>
         <run_address>0x1ba</run_address>
         <size>0x27</size>
         <input_file_ref idref="fl-3"/>
      </object_component>
      <object_component id="oc-1cb">
         <name>.debug_abbrev</name>
         <load_address>0x1e1</load_address>
         <run_address>0x1e1</run_address>
         <size>0x6c</size>
         <input_file_ref idref="fl-3"/>
      </object_component>
      <object_component id="oc-1d0">
         <name>.debug_abbrev</name>
         <load_address>0x24d</load_address>
         <run_address>0x24d</run_address>
         <size>0x50</size>
         <input_file_ref idref="fl-3"/>
      </object_component>
      <object_component id="oc-1cf">
         <name>.debug_abbrev</name>
         <load_address>0x29d</load_address>
         <run_address>0x29d</run_address>
         <size>0x6c</size>
         <input_file_ref idref="fl-3"/>
      </object_component>
      <object_component id="oc-131">
         <name>.debug_abbrev</name>
         <load_address>0x309</load_address>
         <run_address>0x309</run_address>
         <size>0x28</size>
         <input_file_ref idref="fl-2c"/>
      </object_component>
      <object_component id="oc-118">
         <name>.debug_abbrev</name>
         <load_address>0x331</load_address>
         <run_address>0x331</run_address>
         <size>0x29</size>
         <input_file_ref idref="fl-2e"/>
      </object_component>
      <object_component id="oc-149">
         <name>.debug_abbrev</name>
         <load_address>0x35a</load_address>
         <run_address>0x35a</run_address>
         <size>0x58</size>
         <input_file_ref idref="fl-2e"/>
      </object_component>
      <object_component id="oc-21d">
         <name>.debug_abbrev</name>
         <load_address>0x3b2</load_address>
         <run_address>0x3b2</run_address>
         <size>0xdb</size>
         <input_file_ref idref="fl-2f"/>
      </object_component>
      <object_component id="oc-1e9">
         <name>.debug_abbrev</name>
         <load_address>0x48d</load_address>
         <run_address>0x48d</run_address>
         <size>0x7e</size>
         <input_file_ref idref="fl-2f"/>
      </object_component>
      <object_component id="oc-221">
         <name>.debug_abbrev</name>
         <load_address>0x50b</load_address>
         <run_address>0x50b</run_address>
         <size>0x24</size>
         <input_file_ref idref="fl-2f"/>
      </object_component>
      <object_component id="oc-232">
         <name>.debug_abbrev</name>
         <load_address>0x52f</load_address>
         <run_address>0x52f</run_address>
         <size>0x24</size>
         <input_file_ref idref="fl-2f"/>
      </object_component>
      <object_component id="oc-1f7">
         <name>.debug_abbrev</name>
         <load_address>0x553</load_address>
         <run_address>0x553</run_address>
         <size>0x24</size>
         <input_file_ref idref="fl-2f"/>
      </object_component>
      <object_component id="oc-226">
         <name>.debug_abbrev</name>
         <load_address>0x577</load_address>
         <run_address>0x577</run_address>
         <size>0x4b</size>
         <input_file_ref idref="fl-2f"/>
      </object_component>
      <object_component id="oc-165">
         <name>.debug_abbrev</name>
         <load_address>0x5c2</load_address>
         <run_address>0x5c2</run_address>
         <size>0x54</size>
         <input_file_ref idref="fl-30"/>
      </object_component>
      <object_component id="oc-132">
         <name>.debug_abbrev</name>
         <load_address>0x616</load_address>
         <run_address>0x616</run_address>
         <size>0x6f</size>
         <input_file_ref idref="fl-30"/>
      </object_component>
      <object_component id="oc-135">
         <name>.debug_abbrev</name>
         <load_address>0x685</load_address>
         <run_address>0x685</run_address>
         <size>0x24</size>
         <input_file_ref idref="fl-30"/>
      </object_component>
      <object_component id="oc-127">
         <name>.debug_abbrev</name>
         <load_address>0x6a9</load_address>
         <run_address>0x6a9</run_address>
         <size>0x24</size>
         <input_file_ref idref="fl-30"/>
      </object_component>
      <object_component id="oc-167">
         <name>.debug_abbrev</name>
         <load_address>0x6cd</load_address>
         <run_address>0x6cd</run_address>
         <size>0x55</size>
         <input_file_ref idref="fl-33"/>
      </object_component>
      <object_component id="oc-21c">
         <name>.debug_abbrev</name>
         <load_address>0x722</load_address>
         <run_address>0x722</run_address>
         <size>0x53</size>
         <input_file_ref idref="fl-34"/>
      </object_component>
      <object_component id="oc-12f">
         <name>.debug_abbrev</name>
         <load_address>0x775</load_address>
         <run_address>0x775</run_address>
         <size>0x37</size>
         <input_file_ref idref="fl-35"/>
      </object_component>
      <object_component id="oc-d0">
         <name>.debug_abbrev</name>
         <load_address>0x7ac</load_address>
         <run_address>0x7ac</run_address>
         <size>0x74</size>
         <input_file_ref idref="fl-35"/>
      </object_component>
      <object_component id="oc-d3">
         <name>.debug_abbrev</name>
         <load_address>0x820</load_address>
         <run_address>0x820</run_address>
         <size>0x24</size>
         <input_file_ref idref="fl-35"/>
      </object_component>
      <object_component id="oc-12c">
         <name>.debug_abbrev</name>
         <load_address>0x844</load_address>
         <run_address>0x844</run_address>
         <size>0x24</size>
         <input_file_ref idref="fl-35"/>
      </object_component>
      <object_component id="oc-161">
         <name>.debug_abbrev</name>
         <load_address>0x868</load_address>
         <run_address>0x868</run_address>
         <size>0x37</size>
         <input_file_ref idref="fl-36"/>
      </object_component>
      <object_component id="oc-bf">
         <name>.debug_abbrev</name>
         <load_address>0x89f</load_address>
         <run_address>0x89f</run_address>
         <size>0x7d</size>
         <input_file_ref idref="fl-36"/>
      </object_component>
      <object_component id="oc-c2">
         <name>.debug_abbrev</name>
         <load_address>0x91c</load_address>
         <run_address>0x91c</run_address>
         <size>0x24</size>
         <input_file_ref idref="fl-36"/>
      </object_component>
      <object_component id="oc-15e">
         <name>.debug_abbrev</name>
         <load_address>0x940</load_address>
         <run_address>0x940</run_address>
         <size>0x35</size>
         <input_file_ref idref="fl-36"/>
      </object_component>
      <object_component id="oc-11f">
         <name>.debug_abbrev</name>
         <load_address>0x975</load_address>
         <run_address>0x975</run_address>
         <size>0x24</size>
         <input_file_ref idref="fl-36"/>
      </object_component>
      <object_component id="oc-1d1">
         <name>.debug_abbrev</name>
         <load_address>0x999</load_address>
         <run_address>0x999</run_address>
         <size>0x45</size>
         <input_file_ref idref="fl-37"/>
      </object_component>
      <object_component id="oc-163">
         <name>.debug_abbrev</name>
         <load_address>0x9de</load_address>
         <run_address>0x9de</run_address>
         <size>0x45</size>
         <input_file_ref idref="fl-3a"/>
      </object_component>
      <object_component id="oc-123">
         <name>.debug_abbrev</name>
         <load_address>0xa23</load_address>
         <run_address>0xa23</run_address>
         <size>0x71</size>
         <input_file_ref idref="fl-3a"/>
      </object_component>
      <object_component id="oc-11c">
         <name>.debug_abbrev</name>
         <load_address>0xa94</load_address>
         <run_address>0xa94</run_address>
         <size>0x3a</size>
         <input_file_ref idref="fl-3b"/>
      </object_component>
      <object_component id="oc-11a">
         <name>.debug_abbrev</name>
         <load_address>0xace</load_address>
         <run_address>0xace</run_address>
         <size>0x3c</size>
         <input_file_ref idref="fl-3c"/>
      </object_component>
      <object_component id="oc-11b">
         <name>.debug_abbrev</name>
         <load_address>0xb0a</load_address>
         <run_address>0xb0a</run_address>
         <size>0x3c</size>
         <input_file_ref idref="fl-3d"/>
      </object_component>
      <object_component id="oc-287">
         <name>.debug_abbrev</name>
         <load_address>0xb46</load_address>
         <run_address>0xb46</run_address>
         <size>0xf</size>
      </object_component>
      <object_component id="oc-c9">
         <name>.debug_str</name>
         <load_address>0x0</load_address>
         <run_address>0x0</run_address>
         <size>0xfc</size>
         <input_file_ref idref="fl-1"/>
      </object_component>
      <object_component id="oc-186">
         <name>.debug_str</name>
         <load_address>0xfc</load_address>
         <run_address>0xfc</run_address>
         <size>0xf5</size>
         <input_file_ref idref="fl-1"/>
      </object_component>
      <object_component id="oc-223">
         <name>.debug_str</name>
         <load_address>0x1f1</load_address>
         <run_address>0x1f1</run_address>
         <size>0xea</size>
         <input_file_ref idref="fl-2f"/>
      </object_component>
      <object_component id="oc-234">
         <name>.debug_str</name>
         <load_address>0x2db</load_address>
         <run_address>0x2db</run_address>
         <size>0x149</size>
         <input_file_ref idref="fl-2f"/>
      </object_component>
      <object_component id="oc-1f9">
         <name>.debug_str</name>
         <load_address>0x424</load_address>
         <run_address>0x424</run_address>
         <size>0x144</size>
         <input_file_ref idref="fl-2f"/>
      </object_component>
      <object_component id="oc-228">
         <name>.debug_str</name>
         <load_address>0x568</load_address>
         <run_address>0x568</run_address>
         <size>0x194</size>
         <input_file_ref idref="fl-2f"/>
      </object_component>
      <object_component id="oc-137">
         <name>.debug_str</name>
         <load_address>0x6fc</load_address>
         <run_address>0x6fc</run_address>
         <size>0x102</size>
         <input_file_ref idref="fl-30"/>
      </object_component>
      <object_component id="oc-129">
         <name>.debug_str</name>
         <load_address>0x7fe</load_address>
         <run_address>0x7fe</run_address>
         <size>0x13d</size>
         <input_file_ref idref="fl-30"/>
      </object_component>
      <object_component id="oc-d5">
         <name>.debug_str</name>
         <load_address>0x93b</load_address>
         <run_address>0x93b</run_address>
         <size>0x108</size>
         <input_file_ref idref="fl-35"/>
      </object_component>
      <object_component id="oc-12e">
         <name>.debug_str</name>
         <load_address>0xa43</load_address>
         <run_address>0xa43</run_address>
         <size>0x13d</size>
         <input_file_ref idref="fl-35"/>
      </object_component>
      <object_component id="oc-c4">
         <name>.debug_str</name>
         <load_address>0xb80</load_address>
         <run_address>0xb80</run_address>
         <size>0x115</size>
         <input_file_ref idref="fl-36"/>
      </object_component>
      <object_component id="oc-160">
         <name>.debug_str</name>
         <load_address>0xc95</load_address>
         <run_address>0xc95</run_address>
         <size>0x168</size>
         <input_file_ref idref="fl-36"/>
      </object_component>
      <object_component id="oc-121">
         <name>.debug_str</name>
         <load_address>0xdfd</load_address>
         <run_address>0xdfd</run_address>
         <size>0x155</size>
         <input_file_ref idref="fl-36"/>
      </object_component>
      <object_component id="oc-142">
         <name>.debug_aranges</name>
         <load_address>0x0</load_address>
         <run_address>0x0</run_address>
         <size>0x20</size>
         <input_file_ref idref="fl-1"/>
      </object_component>
      <object_component id="oc-16d">
         <name>.debug_aranges</name>
         <load_address>0x20</load_address>
         <run_address>0x20</run_address>
         <size>0x20</size>
         <input_file_ref idref="fl-3"/>
      </object_component>
      <object_component id="oc-17c">
         <name>.debug_aranges</name>
         <load_address>0x40</load_address>
         <run_address>0x40</run_address>
         <size>0x20</size>
         <input_file_ref idref="fl-3"/>
      </object_component>
      <object_component id="oc-176">
         <name>.debug_aranges</name>
         <load_address>0x60</load_address>
         <run_address>0x60</run_address>
         <size>0x20</size>
         <input_file_ref idref="fl-3"/>
      </object_component>
      <object_component id="oc-d9">
         <name>.debug_aranges</name>
         <load_address>0x80</load_address>
         <run_address>0x80</run_address>
         <size>0x20</size>
         <input_file_ref idref="fl-2c"/>
      </object_component>
      <object_component id="oc-f0">
         <name>.debug_aranges</name>
         <load_address>0xa0</load_address>
         <run_address>0xa0</run_address>
         <size>0x20</size>
         <input_file_ref idref="fl-2e"/>
      </object_component>
      <object_component id="oc-195">
         <name>.debug_aranges</name>
         <load_address>0xc0</load_address>
         <run_address>0xc0</run_address>
         <size>0x20</size>
         <input_file_ref idref="fl-2f"/>
      </object_component>
      <object_component id="oc-de">
         <name>.debug_aranges</name>
         <load_address>0xe0</load_address>
         <run_address>0xe0</run_address>
         <size>0x20</size>
         <input_file_ref idref="fl-30"/>
      </object_component>
      <object_component id="oc-13c">
         <name>.debug_aranges</name>
         <load_address>0x100</load_address>
         <run_address>0x100</run_address>
         <size>0x20</size>
         <input_file_ref idref="fl-33"/>
      </object_component>
      <object_component id="oc-1e5">
         <name>.debug_aranges</name>
         <load_address>0x120</load_address>
         <run_address>0x120</run_address>
         <size>0x20</size>
         <input_file_ref idref="fl-34"/>
      </object_component>
      <object_component id="oc-3b">
         <name>.debug_aranges</name>
         <load_address>0x140</load_address>
         <run_address>0x140</run_address>
         <size>0x20</size>
         <input_file_ref idref="fl-35"/>
      </object_component>
      <object_component id="oc-35">
         <name>.debug_aranges</name>
         <load_address>0x160</load_address>
         <run_address>0x160</run_address>
         <size>0x20</size>
         <input_file_ref idref="fl-36"/>
      </object_component>
      <object_component id="oc-189">
         <name>.debug_aranges</name>
         <load_address>0x180</load_address>
         <run_address>0x180</run_address>
         <size>0x20</size>
         <input_file_ref idref="fl-37"/>
      </object_component>
      <object_component id="oc-cc">
         <name>.debug_aranges</name>
         <load_address>0x1a0</load_address>
         <run_address>0x1a0</run_address>
         <size>0x20</size>
         <input_file_ref idref="fl-3a"/>
      </object_component>
      <object_component id="oc-bc">
         <name>.debug_aranges</name>
         <load_address>0x1c0</load_address>
         <run_address>0x1c0</run_address>
         <size>0x20</size>
         <input_file_ref idref="fl-3b"/>
      </object_component>
      <object_component id="oc-b2">
         <name>.debug_aranges</name>
         <load_address>0x1e0</load_address>
         <run_address>0x1e0</run_address>
         <size>0x20</size>
         <input_file_ref idref="fl-3c"/>
      </object_component>
      <object_component id="oc-b7">
         <name>.debug_aranges</name>
         <load_address>0x200</load_address>
         <run_address>0x200</run_address>
         <size>0x20</size>
         <input_file_ref idref="fl-3d"/>
      </object_component>
      <object_component id="oc-173">
         <name>.debug_pubnames</name>
         <load_address>0x0</load_address>
         <run_address>0x0</run_address>
         <size>0x20</size>
         <input_file_ref idref="fl-1"/>
      </object_component>
      <object_component id="oc-16a">
         <name>.debug_pubnames</name>
         <load_address>0x20</load_address>
         <run_address>0x20</run_address>
         <size>0x20</size>
         <input_file_ref idref="fl-1"/>
      </object_component>
      <object_component id="oc-143">
         <name>.debug_pubnames</name>
         <load_address>0x40</load_address>
         <run_address>0x40</run_address>
         <size>0x1b</size>
         <input_file_ref idref="fl-1"/>
      </object_component>
      <object_component id="oc-1ca">
         <name>.debug_pubnames</name>
         <load_address>0x5b</load_address>
         <run_address>0x5b</run_address>
         <size>0x25</size>
         <input_file_ref idref="fl-3"/>
      </object_component>
      <object_component id="oc-16e">
         <name>.debug_pubnames</name>
         <load_address>0x80</load_address>
         <run_address>0x80</run_address>
         <size>0x1f</size>
         <input_file_ref idref="fl-3"/>
      </object_component>
      <object_component id="oc-17d">
         <name>.debug_pubnames</name>
         <load_address>0x9f</load_address>
         <run_address>0x9f</run_address>
         <size>0x1f</size>
         <input_file_ref idref="fl-3"/>
      </object_component>
      <object_component id="oc-177">
         <name>.debug_pubnames</name>
         <load_address>0xbe</load_address>
         <run_address>0xbe</run_address>
         <size>0x1f</size>
         <input_file_ref idref="fl-3"/>
      </object_component>
      <object_component id="oc-da">
         <name>.debug_pubnames</name>
         <load_address>0xdd</load_address>
         <run_address>0xdd</run_address>
         <size>0x2b</size>
         <input_file_ref idref="fl-2c"/>
      </object_component>
      <object_component id="oc-ae">
         <name>.debug_pubnames</name>
         <load_address>0x108</load_address>
         <run_address>0x108</run_address>
         <size>0x1d</size>
         <input_file_ref idref="fl-2e"/>
      </object_component>
      <object_component id="oc-f1">
         <name>.debug_pubnames</name>
         <load_address>0x125</load_address>
         <run_address>0x125</run_address>
         <size>0x26</size>
         <input_file_ref idref="fl-2e"/>
      </object_component>
      <object_component id="oc-196">
         <name>.debug_pubnames</name>
         <load_address>0x14b</load_address>
         <run_address>0x14b</run_address>
         <size>0x35</size>
         <input_file_ref idref="fl-2f"/>
      </object_component>
      <object_component id="oc-df">
         <name>.debug_pubnames</name>
         <load_address>0x180</load_address>
         <run_address>0x180</run_address>
         <size>0x2e</size>
         <input_file_ref idref="fl-30"/>
      </object_component>
      <object_component id="oc-13d">
         <name>.debug_pubnames</name>
         <load_address>0x1ae</load_address>
         <run_address>0x1ae</run_address>
         <size>0x27</size>
         <input_file_ref idref="fl-33"/>
      </object_component>
      <object_component id="oc-1e6">
         <name>.debug_pubnames</name>
         <load_address>0x1d5</load_address>
         <run_address>0x1d5</run_address>
         <size>0x29</size>
         <input_file_ref idref="fl-34"/>
      </object_component>
      <object_component id="oc-3c">
         <name>.debug_pubnames</name>
         <load_address>0x1fe</load_address>
         <run_address>0x1fe</run_address>
         <size>0x2b</size>
         <input_file_ref idref="fl-35"/>
      </object_component>
      <object_component id="oc-36">
         <name>.debug_pubnames</name>
         <load_address>0x229</load_address>
         <run_address>0x229</run_address>
         <size>0x2b</size>
         <input_file_ref idref="fl-36"/>
      </object_component>
      <object_component id="oc-18a">
         <name>.debug_pubnames</name>
         <load_address>0x254</load_address>
         <run_address>0x254</run_address>
         <size>0x1c</size>
         <input_file_ref idref="fl-37"/>
      </object_component>
      <object_component id="oc-cd">
         <name>.debug_pubnames</name>
         <load_address>0x270</load_address>
         <run_address>0x270</run_address>
         <size>0x1d</size>
         <input_file_ref idref="fl-3a"/>
      </object_component>
      <object_component id="oc-bd">
         <name>.debug_pubnames</name>
         <load_address>0x28d</load_address>
         <run_address>0x28d</run_address>
         <size>0x2b</size>
         <input_file_ref idref="fl-3b"/>
      </object_component>
      <object_component id="oc-b3">
         <name>.debug_pubnames</name>
         <load_address>0x2b8</load_address>
         <run_address>0x2b8</run_address>
         <size>0x24</size>
         <input_file_ref idref="fl-3c"/>
      </object_component>
      <object_component id="oc-b8">
         <name>.debug_pubnames</name>
         <load_address>0x2dc</load_address>
         <run_address>0x2dc</run_address>
         <size>0x24</size>
         <input_file_ref idref="fl-3d"/>
      </object_component>
      <object_component id="oc-c6">
         <name>.debug_pubtypes</name>
         <load_address>0x0</load_address>
         <run_address>0x0</run_address>
         <size>0xed</size>
         <input_file_ref idref="fl-1"/>
      </object_component>
      <object_component id="oc-183">
         <name>.debug_pubtypes</name>
         <load_address>0xed</load_address>
         <run_address>0xed</run_address>
         <size>0x2a</size>
         <input_file_ref idref="fl-1"/>
      </object_component>
      <object_component id="oc-220">
         <name>.debug_pubtypes</name>
         <load_address>0x117</load_address>
         <run_address>0x117</run_address>
         <size>0x32</size>
         <input_file_ref idref="fl-2f"/>
      </object_component>
      <object_component id="oc-231">
         <name>.debug_pubtypes</name>
         <load_address>0x149</load_address>
         <run_address>0x149</run_address>
         <size>0x21</size>
         <input_file_ref idref="fl-2f"/>
      </object_component>
      <object_component id="oc-1f6">
         <name>.debug_pubtypes</name>
         <load_address>0x16a</load_address>
         <run_address>0x16a</run_address>
         <size>0x1f</size>
         <input_file_ref idref="fl-2f"/>
      </object_component>
      <object_component id="oc-225">
         <name>.debug_pubtypes</name>
         <load_address>0x189</load_address>
         <run_address>0x189</run_address>
         <size>0x50</size>
         <input_file_ref idref="fl-2f"/>
      </object_component>
      <object_component id="oc-134">
         <name>.debug_pubtypes</name>
         <load_address>0x1d9</load_address>
         <run_address>0x1d9</run_address>
         <size>0x48</size>
         <input_file_ref idref="fl-30"/>
      </object_component>
      <object_component id="oc-126">
         <name>.debug_pubtypes</name>
         <load_address>0x221</load_address>
         <run_address>0x221</run_address>
         <size>0x1d</size>
         <input_file_ref idref="fl-30"/>
      </object_component>
      <object_component id="oc-d2">
         <name>.debug_pubtypes</name>
         <load_address>0x23e</load_address>
         <run_address>0x23e</run_address>
         <size>0x48</size>
         <input_file_ref idref="fl-35"/>
      </object_component>
      <object_component id="oc-12b">
         <name>.debug_pubtypes</name>
         <load_address>0x286</load_address>
         <run_address>0x286</run_address>
         <size>0x1d</size>
         <input_file_ref idref="fl-35"/>
      </object_component>
      <object_component id="oc-c1">
         <name>.debug_pubtypes</name>
         <load_address>0x2a3</load_address>
         <run_address>0x2a3</run_address>
         <size>0x5d</size>
         <input_file_ref idref="fl-36"/>
      </object_component>
      <object_component id="oc-15d">
         <name>.debug_pubtypes</name>
         <load_address>0x300</load_address>
         <run_address>0x300</run_address>
         <size>0x48</size>
         <input_file_ref idref="fl-36"/>
      </object_component>
      <object_component id="oc-11e">
         <name>.debug_pubtypes</name>
         <load_address>0x348</load_address>
         <run_address>0x348</run_address>
         <size>0x35</size>
         <input_file_ref idref="fl-36"/>
      </object_component>
   </object_component_list>
   <logical_group_list>
      <logical_group id="lg-2" display="no" color="cyan">
         <name>.bss</name>
         <run_address>0x200</run_address>
         <size>0x18</size>
         <contents>
            <object_component_ref idref="oc-1c8"/>
            <object_component_ref idref="oc-171"/>
            <object_component_ref idref="oc-180"/>
         </contents>
      </logical_group>
      <logical_group id="lg-3" display="no" color="cyan">
         <name>.data</name>
         <run_address>0x218</run_address>
         <size>0x8</size>
         <contents>
            <object_component_ref idref="oc-168"/>
         </contents>
      </logical_group>
      <logical_group id="lg-4" display="no" color="cyan">
         <name>.TI.noinit</name>
         <run_address>0x0</run_address>
         <size>0x0</size>
         <contents>
         </contents>
      </logical_group>
      <logical_group id="lg-5" display="no" color="cyan">
         <name>.sysmem</name>
         <run_address>0x0</run_address>
         <size>0x0</size>
         <contents>
         </contents>
      </logical_group>
      <logical_group id="lg-6" display="no" color="cyan">
         <name>.stack</name>
         <run_address>0x3b0</run_address>
         <size>0x50</size>
         <contents>
            <object_component_ref idref="oc-ac"/>
            <object_component_ref idref="oc-285"/>
         </contents>
      </logical_group>
      <logical_group id="lg-7" display="no" color="cyan">
         <name>.text</name>
         <load_address>0xc000</load_address>
         <run_address>0xc000</run_address>
         <size>0x272</size>
         <contents>
            <object_component_ref idref="oc-33"/>
            <object_component_ref idref="oc-17a"/>
            <object_component_ref idref="oc-b5"/>
            <object_component_ref idref="oc-193"/>
            <object_component_ref idref="oc-140"/>
            <object_component_ref idref="oc-b0"/>
            <object_component_ref idref="oc-16b"/>
            <object_component_ref idref="oc-ee"/>
            <object_component_ref idref="oc-174"/>
            <object_component_ref idref="oc-dc"/>
            <object_component_ref idref="oc-39"/>
            <object_component_ref idref="oc-ca"/>
            <object_component_ref idref="oc-ba"/>
            <object_component_ref idref="oc-d7"/>
            <object_component_ref idref="oc-187"/>
            <object_component_ref idref="oc-13a"/>
            <object_component_ref idref="oc-1e3"/>
         </contents>
      </logical_group>
      <logical_group id="lg-8" display="no" color="cyan">
         <name>.cinit</name>
         <load_address>0xc272</load_address>
         <run_address>0xc272</run_address>
         <size>0x1e</size>
         <contents>
            <object_component_ref idref="oc-284"/>
            <object_component_ref idref="oc-281"/>
            <object_component_ref idref="oc-283"/>
            <object_component_ref idref="oc-282"/>
         </contents>
      </logical_group>
      <logical_group id="lg-9" display="no" color="cyan">
         <name>.const</name>
         <run_address>0x0</run_address>
         <size>0x0</size>
         <contents>
         </contents>
      </logical_group>
      <logical_group id="lg-a" display="no" color="cyan">
         <name>.bslsignature</name>
         <run_address>0x0</run_address>
         <size>0x0</size>
         <contents>
         </contents>
      </logical_group>
      <logical_group id="lg-b" display="no" color="cyan">
         <name>.cio</name>
         <run_address>0x0</run_address>
         <size>0x0</size>
         <contents>
         </contents>
      </logical_group>
      <logical_group id="lg-c" display="no" color="cyan">
         <name>.pinit</name>
         <run_address>0x0</run_address>
         <size>0x0</size>
         <contents>
         </contents>
      </logical_group>
      <logical_group id="lg-d" display="no" color="cyan">
         <name>.binit</name>
         <load_address>0xc000</load_address>
         <run_address>0xc000</run_address>
         <size>0x0</size>
         <contents>
            <object_component_ref idref="oc-243"/>
         </contents>
      </logical_group>
      <logical_group id="lg-e" display="no" color="cyan">
         <name>.init_array</name>
         <run_address>0x0</run_address>
         <size>0x0</size>
         <contents>
         </contents>
      </logical_group>
      <logical_group id="lg-f" display="no" color="cyan">
         <name>.mspabi.exidx</name>
         <run_address>0x0</run_address>
         <size>0x0</size>
         <contents>
         </contents>
      </logical_group>
      <logical_group id="lg-10" display="no" color="cyan">
         <name>.mspabi.extab</name>
         <run_address>0x0</run_address>
         <size>0x0</size>
         <contents>
         </contents>
      </logical_group>
      <logical_group id="lg-11" display="no" color="cyan">
         <name>.TI.ramfunc</name>
         <run_address>0x0</run_address>
         <size>0x0</size>
         <contents>
         </contents>
      </logical_group>
      <logical_group id="lg-12" display="no" color="cyan">
         <name>.infoA</name>
         <run_address>0x0</run_address>
         <size>0x0</size>
         <contents>
         </contents>
      </logical_group>
      <logical_group id="lg-13" display="no" color="cyan">
         <name>.infoB</name>
         <run_address>0x0</run_address>
         <size>0x0</size>
         <contents>
         </contents>
      </logical_group>
      <logical_group id="lg-14" display="no" color="cyan">
         <name>.infoC</name>
         <run_address>0x0</run_address>
         <size>0x0</size>
         <contents>
         </contents>
      </logical_group>
      <logical_group id="lg-15" display="no" color="cyan">
         <name>.infoD</name>
         <run_address>0x0</run_address>
         <size>0x0</size>
         <contents>
         </contents>
      </logical_group>
      <logical_group id="lg-16" display="no" color="cyan">
         <name>TRAPINT</name>
         <load_address>0xffe0</load_address>
         <run_address>0xffe0</run_address>
         <size>0x2</size>
         <contents>
            <object_component_ref idref="oc-3f"/>
         </contents>
      </logical_group>
      <logical_group id="lg-18" display="no" color="cyan">
         <name>.int01</name>
         <run_address>0x0</run_address>
         <size>0x0</size>
         <contents>
         </contents>
      </logical_group>
      <logical_group id="lg-19" display="no" color="cyan">
         <name>PORT1</name>
         <load_address>0xffe4</load_address>
         <run_address>0xffe4</run_address>
         <size>0x2</size>
         <contents>
            <object_component_ref idref="oc-40"/>
         </contents>
      </logical_group>
      <logical_group id="lg-1b" display="no" color="cyan">
         <name>PORT2</name>
         <load_address>0xffe6</load_address>
         <run_address>0xffe6</run_address>
         <size>0x2</size>
         <contents>
            <object_component_ref idref="oc-41"/>
         </contents>
      </logical_group>
      <logical_group id="lg-1d" display="no" color="cyan">
         <name>.int04</name>
         <run_address>0x0</run_address>
         <size>0x0</size>
         <contents>
         </contents>
      </logical_group>
      <logical_group id="lg-1e" display="no" color="cyan">
         <name>ADC10</name>
         <load_address>0xffea</load_address>
         <run_address>0xffea</run_address>
         <size>0x2</size>
         <contents>
            <object_component_ref idref="oc-42"/>
         </contents>
      </logical_group>
      <logical_group id="lg-20" display="no" color="cyan">
         <name>USCIAB0TX</name>
         <load_address>0xffec</load_address>
         <run_address>0xffec</run_address>
         <size>0x2</size>
         <contents>
            <object_component_ref idref="oc-43"/>
         </contents>
      </logical_group>
      <logical_group id="lg-22" display="no" color="cyan">
         <name>USCIAB0RX</name>
         <load_address>0xffee</load_address>
         <run_address>0xffee</run_address>
         <size>0x2</size>
         <contents>
            <object_component_ref idref="oc-44"/>
         </contents>
      </logical_group>
      <logical_group id="lg-24" display="no" color="cyan">
         <name>TIMER0_A1</name>
         <load_address>0xfff0</load_address>
         <run_address>0xfff0</run_address>
         <size>0x2</size>
         <contents>
            <object_component_ref idref="oc-45"/>
         </contents>
      </logical_group>
      <logical_group id="lg-26" display="no" color="cyan">
         <name>TIMER0_A0</name>
         <load_address>0xfff2</load_address>
         <run_address>0xfff2</run_address>
         <size>0x2</size>
         <contents>
            <object_component_ref idref="oc-46"/>
         </contents>
      </logical_group>
      <logical_group id="lg-28" display="no" color="cyan">
         <name>WDT</name>
         <load_address>0xfff4</load_address>
         <run_address>0xfff4</run_address>
         <size>0x2</size>
         <contents>
            <object_component_ref idref="oc-47"/>
         </contents>
      </logical_group>
      <logical_group id="lg-2a" display="no" color="cyan">
         <name>.int11</name>
         <run_address>0x0</run_address>
         <size>0x0</size>
         <contents>
         </contents>
      </logical_group>
      <logical_group id="lg-2b" display="no" color="cyan">
         <name>TIMER1_A1</name>
         <load_address>0xfff8</load_address>
         <run_address>0xfff8</run_address>
         <size>0x2</size>
         <contents>
            <object_component_ref idref="oc-48"/>
         </contents>
      </logical_group>
      <logical_group id="lg-2d" display="no" color="cyan">
         <name>TIMER1_A0</name>
         <load_address>0xfffa</load_address>
         <run_address>0xfffa</run_address>
         <size>0x2</size>
         <contents>
            <object_component_ref idref="oc-49"/>
         </contents>
      </logical_group>
      <logical_group id="lg-2f" display="no" color="cyan">
         <name>NMI</name>
         <load_address>0xfffc</load_address>
         <run_address>0xfffc</run_address>
         <size>0x2</size>
         <contents>
            <object_component_ref idref="oc-4a"/>
         </contents>
      </logical_group>
      <logical_group id="lg-31" display="no" color="cyan">
         <name>.reset</name>
         <load_address>0xfffe</load_address>
         <run_address>0xfffe</run_address>
         <size>0x2</size>
         <contents>
            <object_component_ref idref="oc-af"/>
         </contents>
      </logical_group>
[...]
      <symbol id="sm-15">
         <name>P1DIR</name>
         <value>0x22</value>
      </symbol>
      <symbol id="sm-16">
         <name>P1IFG</name>
         <value>0x23</value>
      </symbol>
      <symbol id="sm-17">
         <name>P1IES</name>
         <value>0x24</value>
      </symbol>
      <symbol id="sm-18">
         <name>P1IE</name>
         <value>0x25</value>
      </symbol>
      <symbol id="sm-19">
         <name>P1SEL</name>
         <value>0x26</value>
      </symbol>
      <symbol id="sm-1a">
         <name>P1SEL2</name>
         <value>0x41</value>
      </symbol>
      <symbol id="sm-1b">
         <name>P1REN</name>
         <value>0x27</value>
      </symbol>
      <symbol id="sm-1c">
         <name>P2IN</name>
         <value>0x28</value>
      </symbol>
      <symbol id="sm-1d">
         <name>P2OUT</name>
         <value>0x29</value>
      </symbol>
      <symbol id="sm-1e">
         <name>P2DIR</name>
         <value>0x2a</value>
      </symbol>
      <symbol id="sm-1f">
         <name>P2IFG</name>
         <value>0x2b</value>
      </symbol>
      <symbol id="sm-20">
         <name>P2IES</name>
         <value>0x2c</value>
      </symbol>
      <symbol id="sm-21">
         <name>P2IE</name>
         <value>0x2d</value>
      </symbol>
      <symbol id="sm-22">
         <name>P2SEL</name>
         <value>0x2e</value>
      </symbol>
      <symbol id="sm-23">
         <name>P2SEL2</name>
         <value>0x42</value>
      </symbol>
      <symbol id="sm-24">
         <name>P2REN</name>
         <value>0x2f</value>
      </symbol>
      <symbol id="sm-25">
         <name>P3IN</name>
         <value>0x18</value>
      </symbol>
      <symbol id="sm-26">
         <name>P3OUT</name>
         <value>0x19</value>
      </symbol>
      <symbol id="sm-27">
         <name>P3DIR</name>
         <value>0x1a</value>
      </symbol>
      <symbol id="sm-28">
         <name>P3SEL</name>
         <value>0x1b</value>
      </symbol>
      <symbol id="sm-29">
         <name>P3SEL2</name>
         <value>0x43</value>
      </symbol>
      <symbol id="sm-2a">
         <name>P3REN</name>
         <value>0x10</value>
      </symbol>
      <symbol id="sm-2b">
         <name>TA0IV</name>
         <value>0x12e</value>
      </symbol>
      <symbol id="sm-2c">
         <name>TA0CTL</name>
         <value>0x160</value>
      </symbol>
      <symbol id="sm-2d">
         <name>TA0CCTL0</name>
         <value>0x162</value>
      </symbol>
      <symbol id="sm-2e">
         <name>TA0CCTL1</name>
         <value>0x164</value>
      </symbol>
      <symbol id="sm-2f">
         <name>TA0CCTL2</name>
         <value>0x166</value>
      </symbol>
      <symbol id="sm-30">
         <name>TA0R</name>
         <value>0x170</value>
      </symbol>
      <symbol id="sm-31">
         <name>TA0CCR0</name>
         <value>0x172</value>
      </symbol>
      <symbol id="sm-32">
         <name>TA0CCR1</name>
         <value>0x174</value>
      </symbol>
      <symbol id="sm-33">
         <name>TA0CCR2</name>
         <value>0x176</value>
      </symbol>
      <symbol id="sm-34">
         <name>TA1IV</name>
         <value>0x11e</value>
      </symbol>
      <symbol id="sm-35">
         <name>TA1CTL</name>
         <value>0x180</value>
      </symbol>
      <symbol id="sm-36">
         <name>TA1CCTL0</name>
         <value>0x182</value>
      </symbol>
      <symbol id="sm-37">
         <name>TA1CCTL1</name>
         <value>0x184</value>
      </symbol>
      <symbol id="sm-38">
         <name>TA1CCTL2</name>
         <value>0x186</value>
      </symbol>
      <symbol id="sm-39">
         <name>TA1R</name>
         <value>0x190</value>
      </symbol>
      <symbol id="sm-3a">
         <name>TA1CCR0</name>
         <value>0x192</value>
      </symbol>
      <symbol id="sm-3b">
         <name>TA1CCR1</name>
         <value>0x194</value>
      </symbol>
      <symbol id="sm-3c">
         <name>TA1CCR2</name>
         <value>0x196</value>
      </symbol>
      <symbol id="sm-3d">
         <name>UCA0CTL0</name>
         <value>0x60</value>
      </symbol>
      <symbol id="sm-3e">
         <name>UCA0CTL1</name>
         <value>0x61</value>
      </symbol>
      <symbol id="sm-3f">
         <name>UCA0BR0</name>
         <value>0x62</value>
      </symbol>
      <symbol id="sm-40">
         <name>UCA0BR1</name>
         <value>0x63</value>
      </symbol>
      <symbol id="sm-41">
         <name>UCA0MCTL</name>
         <value>0x64</value>
      </symbol>
      <symbol id="sm-42">
         <name>UCA0STAT</name>
         <value>0x65</value>
      </symbol>
      <symbol id="sm-43">
         <name>UCA0RXBUF</name>
         <value>0x66</value>
      </symbol>
      <symbol id="sm-44">
         <name>UCA0TXBUF</name>
         <value>0x67</value>
      </symbol>
      <symbol id="sm-45">
         <name>UCA0ABCTL</name>
         <value>0x5d</value>
      </symbol>
      <symbol id="sm-46">
         <name>UCA0IRTCTL</name>
         <value>0x5e</value>
      </symbol>
      <symbol id="sm-47">
         <name>UCA0IRRCTL</name>
         <value>0x5f</value>
      </symbol>
      <symbol id="sm-48">
         <name>UCB0CTL0</name>
         <value>0x68</value>
      </symbol>
      <symbol id="sm-49">
         <name>UCB0CTL1</name>
         <value>0x69</value>
      </symbol>
      <symbol id="sm-4a">
         <name>UCB0BR0</name>
         <value>0x6a</value>
      </symbol>
      <symbol id="sm-4b">
         <name>UCB0BR1</name>
         <value>0x6b</value>
      </symbol>
      <symbol id="sm-4c">
         <name>UCB0I2CIE</name>
         <value>0x6c</value>
      </symbol>
      <symbol id="sm-4d">
         <name>UCB0STAT</name>
         <value>0x6d</value>
      </symbol>
      <symbol id="sm-4e">
         <name>UCB0RXBUF</name>
         <value>0x6e</value>
      </symbol>
      <symbol id="sm-4f">
         <name>UCB0TXBUF</name>
         <value>0x6f</value>
      </symbol>
      <symbol id="sm-50">
         <name>UCB0I2COA</name>
         <value>0x118</value>
      </symbol>
      <symbol id="sm-51">
         <name>UCB0I2CSA</name>
         <value>0x11a</value>
      </symbol>
      <symbol id="sm-52">
         <name>WDTCTL</name>
         <value>0x120</value>
      </symbol>
      <symbol id="sm-53">
         <name>CALDCO_16MHZ</name>
         <value>0x10f8</value>
      </symbol>
      <symbol id="sm-54">
         <name>CALBC1_16MHZ</name>
         <value>0x10f9</value>
      </symbol>
      <symbol id="sm-55">
         <name>CALDCO_12MHZ</name>
         <value>0x10fa</value>
      </symbol>
      <symbol id="sm-56">
         <name>CALBC1_12MHZ</name>
         <value>0x10fb</value>
      </symbol>
      <symbol id="sm-57">
         <name>CALDCO_8MHZ</name>
         <value>0x10fc</value>
      </symbol>
      <symbol id="sm-58">
         <name>CALBC1_8MHZ</name>
         <value>0x10fd</value>
      </symbol>
      <symbol id="sm-59">
         <name>CALDCO_1MHZ</name>
         <value>0x10fe</value>
      </symbol>
      <symbol id="sm-5a">
         <name>CALBC1_1MHZ</name>
         <value>0x10ff</value>
      </symbol>
      <symbol id="sm-5b">
         <name>TLV_CHECKSUM</name>
         <value>0x10c0</value>
      </symbol>
      <symbol id="sm-5c">
         <name>TLV_DCO_30_TAG</name>
         <value>0x10f6</value>
      </symbol>
      <symbol id="sm-5d">
         <name>TLV_DCO_30_LEN</name>
         <value>0x10f7</value>
      </symbol>
      <symbol id="sm-5e">
         <name>TLV_ADC10_1_TAG</name>
         <value>0x10da</value>
      </symbol>
      <symbol id="sm-5f">
         <name>TLV_ADC10_1_LEN</name>
         <value>0x10db</value>
      </symbol>
      <symbol id="sm-60">
         <name>__TI_CINIT_Base</name>
         <value>0xc288</value>
      </symbol>
      <symbol id="sm-61">
         <name>__TI_CINIT_Limit</name>
         <value>0xc290</value>
      </symbol>
      <symbol id="sm-62">
         <name>__TI_Handler_Table_Base</name>
         <value>0xc27e</value>
      </symbol>
      <symbol id="sm-63">
         <name>__TI_Handler_Table_Limit</name>
         <value>0xc284</value>
      </symbol>
      <symbol id="sm-64">
         <name>__STACK_SIZE</name>
         <value>0x50</value>
      </symbol>
      <symbol id="sm-65">
         <name>__STACK_END</name>
         <value>0x400</value>
      </symbol>
      <symbol id="sm-66">
         <name>__c_args__</name>
         <value>0xffffffff</value>
      </symbol>
      <symbol id="sm-67">
         <name>__TI_pprof_out_hndl</name>
         <value>0xffffffff</value>
      </symbol>
      <symbol id="sm-68">
         <name>__TI_prof_data_start</name>
         <value>0xffffffff</value>
      </symbol>
      <symbol id="sm-69">
         <name>__TI_prof_data_size</name>
         <value>0xffffffff</value>
      </symbol>
      <symbol id="sm-b2">
         <name>t1</name>
         <value>0x208</value>
      </symbol>
      <symbol id="sm-b3">
         <name>t2</name>
         <value>0x210</value>
      </symbol>
      <symbol id="sm-b4">
         <name>main</name>
         <value>0xc158</value>
         <object_component_ref idref="oc-140"/>
      </symbol>
      <symbol id="sm-b5">
         <name>t_inicial</name>
         <value>0x218</value>
         <object_component_ref idref="oc-168"/>
      </symbol>
      <symbol id="sm-db">
         <name>inc_time</name>
         <value>0xc07c</value>
         <object_component_ref idref="oc-17a"/>
      </symbol>
      <symbol id="sm-dc">
         <name>get_time</name>
         <value>0xc1fc</value>
         <object_component_ref idref="oc-174"/>
      </symbol>
      <symbol id="sm-dd">
         <name>set_time</name>
         <value>0xc1c0</value>
         <object_component_ref idref="oc-16b"/>
      </symbol>
      <symbol id="sm-e2">
         <name>__TI_int00</name>
         <value>0xffe0</value>
         <object_component_ref idref="oc-3f"/>
      </symbol>
      <symbol id="sm-e5">
         <name>__TI_int02</name>
         <value>0xffe4</value>
         <object_component_ref idref="oc-40"/>
      </symbol>
      <symbol id="sm-e8">
         <name>__TI_int03</name>
         <value>0xffe6</value>
         <object_component_ref idref="oc-41"/>
      </symbol>
      <symbol id="sm-eb">
         <name>__TI_int05</name>
         <value>0xffea</value>
         <object_component_ref idref="oc-42"/>
      </symbol>
      <symbol id="sm-ee">
         <name>__TI_int06</name>
         <value>0xffec</value>
         <object_component_ref idref="oc-43"/>
      </symbol>
      <symbol id="sm-f1">
         <name>__TI_int07</name>
         <value>0xffee</value>
         <object_component_ref idref="oc-44"/>
      </symbol>
      <symbol id="sm-f4">
         <name>__TI_int08</name>
         <value>0xfff0</value>
         <object_component_ref idref="oc-45"/>
      </symbol>
      <symbol id="sm-f7">
         <name>__TI_int09</name>
         <value>0xfff2</value>
         <object_component_ref idref="oc-46"/>
      </symbol>
      <symbol id="sm-fa">
         <name>__TI_int10</name>
         <value>0xfff4</value>
         <object_component_ref idref="oc-47"/>
      </symbol>
      <symbol id="sm-fd">
         <name>__TI_int12</name>
         <value>0xfff8</value>
         <object_component_ref idref="oc-48"/>
      </symbol>
      <symbol id="sm-100">
         <name>__TI_int13</name>
         <value>0xfffa</value>
         <object_component_ref idref="oc-49"/>
      </symbol>
      <symbol id="sm-103">
         <name>__TI_int14</name>
         <value>0xfffc</value>
         <object_component_ref idref="oc-4a"/>
      </symbol>
      <symbol id="sm-10b">
         <name>__TI_ISR_TRAP</name>
         <value>0xc25e</value>
         <object_component_ref idref="oc-d7"/>
      </symbol>
      <symbol id="sm-11c">
         <name>_stack</name>
         <value>0x3b0</value>
         <object_component_ref idref="oc-ac"/>
      </symbol>
      <symbol id="sm-11d">
         <name>_c_int00_noargs</name>
         <value>0xc1e0</value>
         <object_component_ref idref="oc-ee"/>
      </symbol>
      <symbol id="sm-11e">
         <name>_reset_vector</name>
         <value>0xfffe</value>
         <object_component_ref idref="oc-af"/>
      </symbol>
      <symbol id="sm-140">
         <name>__TI_auto_init_nobinit_nopinit</name>
         <value>0xc116</value>
         <object_component_ref idref="oc-193"/>
      </symbol>
      <symbol id="sm-158">
         <name>__TI_zero_init_nomemset</name>
         <value>0xc216</value>
         <object_component_ref idref="oc-dc"/>
      </symbol>
      <symbol id="sm-163">
         <name>_system_pre_init</name>
         <value>0xc26c</value>
         <object_component_ref idref="oc-13a"/>
      </symbol>
      <symbol id="sm-16c">
         <name>_system_post_cinit</name>
         <value>0xc270</value>
         <object_component_ref idref="oc-1e3"/>
      </symbol>
      <symbol id="sm-182">
         <name>__TI_decompress_none</name>
         <value>0xc22a</value>
         <object_component_ref idref="oc-39"/>
      </symbol>
      <symbol id="sm-1a5">
         <name>__TI_decompress_lzss</name>
         <value>0xc000</value>
         <object_component_ref idref="oc-33"/>
      </symbol>
      <symbol id="sm-1af">
         <name>C$$EXIT</name>
         <value>0xc266</value>
         <object_component_ref idref="oc-187"/>
      </symbol>
      <symbol id="sm-1b0">
         <name>abort</name>
         <value>0xc266</value>
         <object_component_ref idref="oc-187"/>
      </symbol>
      <symbol id="sm-1c0">
         <name>memcpy</name>
         <value>0xc23c</value>
         <object_component_ref idref="oc-ca"/>
      </symbol>
      <symbol id="sm-1c9">
         <name>__mspabi_func_epilog_2</name>
         <value>0xc258</value>
         <object_component_ref idref="oc-ba"/>
      </symbol>
      <symbol id="sm-1ca">
         <name>__mspabi_func_epilog_3</name>
         <value>0xc256</value>
         <object_component_ref idref="oc-ba"/>
      </symbol>
      <symbol id="sm-1cb">
         <name>__mspabi_func_epilog_1</name>
         <value>0xc25a</value>
         <object_component_ref idref="oc-ba"/>
      </symbol>
      <symbol id="sm-1cc">
         <name>__mspabi_func_epilog_6</name>
         <value>0xc250</value>
         <object_component_ref idref="oc-ba"/>
      </symbol>
      <symbol id="sm-1cd">
         <name>__mspabi_func_epilog_7</name>
         <value>0xc24e</value>
         <object_component_ref idref="oc-ba"/>
      </symbol>
      <symbol id="sm-1ce">
         <name>__mspabi_func_epilog_4</name>
         <value>0xc254</value>
         <object_component_ref idref="oc-ba"/>
      </symbol>
      <symbol id="sm-1cf">
         <name>__mspabi_func_epilog_5</name>
         <value>0xc252</value>
         <object_component_ref idref="oc-ba"/>
      </symbol>
      <symbol id="sm-1d7">
         <name>__mspabi_slli</name>
         <value>0xc194</value>
         <object_component_ref idref="oc-b0"/>
      </symbol>
      <symbol id="sm-1d8">
         <name>__mspabi_slli_9</name>
         <value>0xc1ac</value>
         <object_component_ref idref="oc-b0"/>
      </symbol>
      <symbol id="sm-1d9">
         <name>__mspabi_slli_8</name>
         <value>0xc1ae</value>
         <object_component_ref idref="oc-b0"/>
      </symbol>
      <symbol id="sm-1da">
         <name>__mspabi_slli_7</name>
         <value>0xc1b0</value>
         <object_component_ref idref="oc-b0"/>
      </symbol>
      <symbol id="sm-1db">
         <name>__mspabi_slli_6</name>
         <value>0xc1b2</value>
         <object_component_ref idref="oc-b0"/>
      </symbol>
      <symbol id="sm-1dc">
         <name>__mspabi_slli_5</name>
         <value>0xc1b4</value>
         <object_component_ref idref="oc-b0"/>
      </symbol>
      <symbol id="sm-1dd">
         <name>__mspabi_slli_4</name>
         <value>0xc1b6</value>
         <object_component_ref idref="oc-b0"/>
      </symbol>
      <symbol id="sm-1de">
         <name>__mspabi_slli_3</name>
         <value>0xc1b8</value>
         <object_component_ref idref="oc-b0"/>
      </symbol>
      <symbol id="sm-1df">
         <name>__mspabi_slli_2</name>
         <value>0xc1ba</value>
         <object_component_ref idref="oc-b0"/>
      </symbol>
      <symbol id="sm-1e0">
         <name>__mspabi_slli_1</name>
         <value>0xc1bc</value>
         <object_component_ref idref="oc-b0"/>
      </symbol>
      <symbol id="sm-1e1">
         <name>__mspabi_slli_15</name>
         <value>0xc1a0</value>
         <object_component_ref idref="oc-b0"/>
      </symbol>
      <symbol id="sm-1e2">
         <name>__mspabi_slli_14</name>
         <value>0xc1a2</value>
         <object_component_ref idref="oc-b0"/>
      </symbol>
      <symbol id="sm-1e3">
         <name>__mspabi_slli_13</name>
         <value>0xc1a4</value>
         <object_component_ref idref="oc-b0"/>
      </symbol>
      <symbol id="sm-1e4">
         <name>__mspabi_slli_12</name>
         <value>0xc1a6</value>
         <object_component_ref idref="oc-b0"/>
      </symbol>
      <symbol id="sm-1e5">
         <name>__mspabi_slli_11</name>
         <value>0xc1a8</value>
         <object_component_ref idref="oc-b0"/>
      </symbol>
      <symbol id="sm-1e6">
         <name>__mspabi_slli_10</name>
         <value>0xc1aa</value>
         <object_component_ref idref="oc-b0"/>
      </symbol>
      <symbol id="sm-1ee">
         <name>__mspabi_srli_8</name>
         <value>0xc0f4</value>
         <object_component_ref idref="oc-b5"/>
      </symbol>
      <symbol id="sm-1ef">
         <name>__mspabi_srli_9</name>
         <value>0xc0f0</value>
         <object_component_ref idref="oc-b5"/>
      </symbol>
      <symbol id="sm-1f0">
         <name>__mspabi_srli_6</name>
         <value>0xc0fc</value>
         <object_component_ref idref="oc-b5"/>
      </symbol>
      <symbol id="sm-1f1">
         <name>__mspabi_srli_7</name>
         <value>0xc0f8</value>
         <object_component_ref idref="oc-b5"/>
      </symbol>
      <symbol id="sm-1f2">
         <name>__mspabi_srli_4</name>
         <value>0xc104</value>
         <object_component_ref idref="oc-b5"/>
      </symbol>
      <symbol id="sm-1f3">
         <name>__mspabi_srli_5</name>
         <value>0xc100</value>
         <object_component_ref idref="oc-b5"/>
      </symbol>
      <symbol id="sm-1f4">
         <name>__mspabi_srli_2</name>
         <value>0xc10c</value>
         <object_component_ref idref="oc-b5"/>
      </symbol>
      <symbol id="sm-1f5">
         <name>__mspabi_srli_3</name>
         <value>0xc108</value>
         <object_component_ref idref="oc-b5"/>
      </symbol>
      <symbol id="sm-1f6">
         <name>__mspabi_srli_1</name>
         <value>0xc110</value>
         <object_component_ref idref="oc-b5"/>
      </symbol>
      <symbol id="sm-1f7">
         <name>__mspabi_srli</name>
         <value>0xc0ca</value>
         <object_component_ref idref="oc-b5"/>
      </symbol>
      <symbol id="sm-1f8">
         <name>__mspabi_srli_15</name>
         <value>0xc0d8</value>
         <object_component_ref idref="oc-b5"/>
      </symbol>
      <symbol id="sm-1f9">
         <name>__mspabi_srli_14</name>
         <value>0xc0dc</value>
         <object_component_ref idref="oc-b5"/>
      </symbol>
      <symbol id="sm-1fa">
         <name>__mspabi_srli_13</name>
         <value>0xc0e0</value>
         <object_component_ref idref="oc-b5"/>
      </symbol>
      <symbol id="sm-1fb">
         <name>__mspabi_srli_12</name>
         <value>0xc0e4</value>
         <object_component_ref idref="oc-b5"/>
      </symbol>
      <symbol id="sm-1fc">
         <name>__mspabi_srli_11</name>
         <value>0xc0e8</value>
         <object_component_ref idref="oc-b5"/>
      </symbol>
      <symbol id="sm-1fd">
         <name>__mspabi_srli_10</name>
         <value>0xc0ec</value>
         <object_component_ref idref="oc-b5"/>
      </symbol>
   </symbol_table>
   <title>Link successful</title>
</link_info>
